// Jest Snapshot v1, https://goo.gl/fbAQLP

exports[`FilmCard renders correctly 1`] = `
Array [
  <article
    className="small-movie-card catalog__movies-card"
  >
    <button
      className="small-movie-card__play-btn"
      type="button"
    >
      Play
    </button>
    <div
      className="small-movie-card__image"
    >
      <img
        alt="The Grand Budapest Hotel"
        height="175"
        src="img/bohemian-rhapsody.jpg"
        width="280"
      />
    </div>
    <h3
      className="small-movie-card__title"
    >
      <a
        className="small-movie-card__link"
        href="movie-page.html"
        onClick={[MockFunction]}
      >
        The Grand Budapest Hotel
      </a>
    </h3>
  </article>,
  <article
    className="small-movie-card catalog__movies-card"
  >
    <button
      className="small-movie-card__play-btn"
      type="button"
    >
      Play
    </button>
    <div
      className="small-movie-card__image"
    >
      <img
        alt="The Grand Budapest Hotel"
        height="175"
        src="img/bohemian-rhapsody.jpg"
        width="280"
      />
    </div>
    <h3
      className="small-movie-card__title"
    >
      <a
        className="small-movie-card__link"
        href="movie-page.html"
        onClick={[MockFunction]}
      >
        The Grand Budapest Hotel
      </a>
    </h3>
  </article>,
  <article
    className="small-movie-card catalog__movies-card"
  >
    <button
      className="small-movie-card__play-btn"
      type="button"
    >
      Play
    </button>
    <div
      className="small-movie-card__image"
    >
      <img
        alt="The Grand Budapest Hotel"
        height="175"
        src="img/bohemian-rhapsody.jpg"
        width="280"
      />
    </div>
    <h3
      className="small-movie-card__title"
    >
      <a
        className="small-movie-card__link"
        href="movie-page.html"
        onClick={[MockFunction]}
      >
        The Grand Budapest Hotel
      </a>
    </h3>
  </article>,
  <article
    className="small-movie-card catalog__movies-card"
  >
    <button
      className="small-movie-card__play-btn"
      type="button"
    >
      Play
    </button>
    <div
      className="small-movie-card__image"
    >
      <img
        alt="The Grand Budapest Hotel"
        height="175"
        src="img/bohemian-rhapsody.jpg"
        width="280"
      />
    </div>
    <h3
      className="small-movie-card__title"
    >
      <a
        className="small-movie-card__link"
        href="movie-page.html"
        onClick={[MockFunction]}
      >
        The Grand Budapest Hotel
      </a>
    </h3>
  </article>,
  <article
    className="small-movie-card catalog__movies-card"
  >
    <button
      className="small-movie-card__play-btn"
      type="button"
    >
      Play
    </button>
    <div
      className="small-movie-card__image"
    >
      <img
        alt="The Grand Budapest Hotel"
        height="175"
        src="img/bohemian-rhapsody.jpg"
        width="280"
      />
    </div>
    <h3
      className="small-movie-card__title"
    >
      <a
        className="small-movie-card__link"
        href="movie-page.html"
        onClick={[MockFunction]}
      >
        The Grand Budapest Hotel
      </a>
    </h3>
  </article>,
  <article
    className="small-movie-card catalog__movies-card"
  >
    <button
      className="small-movie-card__play-btn"
      type="button"
    >
      Play
    </button>
    <div
      className="small-movie-card__image"
    >
      <img
        alt="The Grand Budapest Hotel"
        height="175"
        src="img/bohemian-rhapsody.jpg"
        width="280"
      />
    </div>
    <h3
      className="small-movie-card__title"
    >
      <a
        className="small-movie-card__link"
        href="movie-page.html"
        onClick={[MockFunction]}
      >
        The Grand Budapest Hotel
      </a>
    </h3>
  </article>,
  <article
    className="small-movie-card catalog__movies-card"
  >
    <button
      className="small-movie-card__play-btn"
      type="button"
    >
      Play
    </button>
    <div
      className="small-movie-card__image"
    >
      <img
        alt="The Grand Budapest Hotel"
        height="175"
        src="img/bohemian-rhapsody.jpg"
        width="280"
      />
    </div>
    <h3
      className="small-movie-card__title"
    >
      <a
        className="small-movie-card__link"
        href="movie-page.html"
        onClick={[MockFunction]}
      >
        The Grand Budapest Hotel
      </a>
    </h3>
  </article>,
  <article
    className="small-movie-card catalog__movies-card"
  >
    <button
      className="small-movie-card__play-btn"
      type="button"
    >
      Play
    </button>
    <div
      className="small-movie-card__image"
    >
      <img
        alt="The Grand Budapest Hotel"
        height="175"
        src="img/bohemian-rhapsody.jpg"
        width="280"
      />
    </div>
    <h3
      className="small-movie-card__title"
    >
      <a
        className="small-movie-card__link"
        href="movie-page.html"
        onClick={[MockFunction]}
      >
        The Grand Budapest Hotel
      </a>
    </h3>
  </article>,
  <article
    className="small-movie-card catalog__movies-card"
  >
    <button
      className="small-movie-card__play-btn"
      type="button"
    >
      Play
    </button>
    <div
      className="small-movie-card__image"
    >
      <img
        alt="The Grand Budapest Hotel"
        height="175"
        src="img/bohemian-rhapsody.jpg"
        width="280"
      />
    </div>
    <h3
      className="small-movie-card__title"
    >
      <a
        className="small-movie-card__link"
        href="movie-page.html"
        onClick={[MockFunction]}
      >
        The Grand Budapest Hotel
      </a>
    </h3>
  </article>,
  <article
    className="small-movie-card catalog__movies-card"
  >
    <button
      className="small-movie-card__play-btn"
      type="button"
    >
      Play
    </button>
    <div
      className="small-movie-card__image"
    >
      <img
        alt="The Grand Budapest Hotel"
        height="175"
        src="img/bohemian-rhapsody.jpg"
        width="280"
      />
    </div>
    <h3
      className="small-movie-card__title"
    >
      <a
        className="small-movie-card__link"
        href="movie-page.html"
        onClick={[MockFunction]}
      >
        The Grand Budapest Hotel
      </a>
    </h3>
  </article>,
  <article
    className="small-movie-card catalog__movies-card"
  >
    <button
      className="small-movie-card__play-btn"
      type="button"
    >
      Play
    </button>
    <div
      className="small-movie-card__image"
    >
      <img
        alt="The Grand Budapest Hotel"
        height="175"
        src="img/bohemian-rhapsody.jpg"
        width="280"
      />
    </div>
    <h3
      className="small-movie-card__title"
    >
      <a
        className="small-movie-card__link"
        href="movie-page.html"
        onClick={[MockFunction]}
      >
        The Grand Budapest Hotel
      </a>
    </h3>
  </article>,
  <article
    className="small-movie-card catalog__movies-card"
  >
    <button
      className="small-movie-card__play-btn"
      type="button"
    >
      Play
    </button>
    <div
      className="small-movie-card__image"
    >
      <img
        alt="The Grand Budapest Hotel"
        height="175"
        src="img/bohemian-rhapsody.jpg"
        width="280"
      />
    </div>
    <h3
      className="small-movie-card__title"
    >
      <a
        className="small-movie-card__link"
        href="movie-page.html"
        onClick={[MockFunction]}
      >
        The Grand Budapest Hotel
      </a>
    </h3>
  </article>,
  <article
    className="small-movie-card catalog__movies-card"
  >
    <button
      className="small-movie-card__play-btn"
      type="button"
    >
      Play
    </button>
    <div
      className="small-movie-card__image"
    >
      <img
        alt="The Grand Budapest Hotel"
        height="175"
        src="img/bohemian-rhapsody.jpg"
        width="280"
      />
    </div>
    <h3
      className="small-movie-card__title"
    >
      <a
        className="small-movie-card__link"
        href="movie-page.html"
        onClick={[MockFunction]}
      >
        The Grand Budapest Hotel
      </a>
    </h3>
  </article>,
  <article
    className="small-movie-card catalog__movies-card"
  >
    <button
      className="small-movie-card__play-btn"
      type="button"
    >
      Play
    </button>
    <div
      className="small-movie-card__image"
    >
      <img
        alt="The Grand Budapest Hotel"
        height="175"
        src="img/bohemian-rhapsody.jpg"
        width="280"
      />
    </div>
    <h3
      className="small-movie-card__title"
    >
      <a
        className="small-movie-card__link"
        href="movie-page.html"
        onClick={[MockFunction]}
      >
        The Grand Budapest Hotel
      </a>
    </h3>
  </article>,
  <article
    className="small-movie-card catalog__movies-card"
  >
    <button
      className="small-movie-card__play-btn"
      type="button"
    >
      Play
    </button>
    <div
      className="small-movie-card__image"
    >
      <img
        alt="The Grand Budapest Hotel"
        height="175"
        src="img/bohemian-rhapsody.jpg"
        width="280"
      />
    </div>
    <h3
      className="small-movie-card__title"
    >
      <a
        className="small-movie-card__link"
        href="movie-page.html"
        onClick={[MockFunction]}
      >
        The Grand Budapest Hotel
      </a>
    </h3>
  </article>,
  <article
    className="small-movie-card catalog__movies-card"
  >
    <button
      className="small-movie-card__play-btn"
      type="button"
    >
      Play
    </button>
    <div
      className="small-movie-card__image"
    >
      <img
        alt="The Grand Budapest Hotel"
        height="175"
        src="img/bohemian-rhapsody.jpg"
        width="280"
      />
    </div>
    <h3
      className="small-movie-card__title"
    >
      <a
        className="small-movie-card__link"
        href="movie-page.html"
        onClick={[MockFunction]}
      >
        The Grand Budapest Hotel
      </a>
    </h3>
  </article>,
  <article
    className="small-movie-card catalog__movies-card"
  >
    <button
      className="small-movie-card__play-btn"
      type="button"
    >
      Play
    </button>
    <div
      className="small-movie-card__image"
    >
      <img
        alt="The Grand Budapest Hotel"
        height="175"
        src="img/bohemian-rhapsody.jpg"
        width="280"
      />
    </div>
    <h3
      className="small-movie-card__title"
    >
      <a
        className="small-movie-card__link"
        href="movie-page.html"
        onClick={[MockFunction]}
      >
        The Grand Budapest Hotel
      </a>
    </h3>
  </article>,
  <article
    className="small-movie-card catalog__movies-card"
  >
    <button
      className="small-movie-card__play-btn"
      type="button"
    >
      Play
    </button>
    <div
      className="small-movie-card__image"
    >
      <img
        alt="The Grand Budapest Hotel"
        height="175"
        src="img/bohemian-rhapsody.jpg"
        width="280"
      />
    </div>
    <h3
      className="small-movie-card__title"
    >
      <a
        className="small-movie-card__link"
        href="movie-page.html"
        onClick={[MockFunction]}
      >
        The Grand Budapest Hotel
      </a>
    </h3>
  </article>,
  <article
    className="small-movie-card catalog__movies-card"
  >
    <button
      className="small-movie-card__play-btn"
      type="button"
    >
      Play
    </button>
    <div
      className="small-movie-card__image"
    >
      <img
        alt="The Grand Budapest Hotel"
        height="175"
        src="img/bohemian-rhapsody.jpg"
        width="280"
      />
    </div>
    <h3
      className="small-movie-card__title"
    >
      <a
        className="small-movie-card__link"
        href="movie-page.html"
        onClick={[MockFunction]}
      >
        The Grand Budapest Hotel
      </a>
    </h3>
  </article>,
  <article
    className="small-movie-card catalog__movies-card"
  >
    <button
      className="small-movie-card__play-btn"
      type="button"
    >
      Play
    </button>
    <div
      className="small-movie-card__image"
    >
      <img
        alt="The Grand Budapest Hotel"
        height="175"
        src="img/bohemian-rhapsody.jpg"
        width="280"
      />
    </div>
    <h3
      className="small-movie-card__title"
    >
      <a
        className="small-movie-card__link"
        href="movie-page.html"
        onClick={[MockFunction]}
      >
        The Grand Budapest Hotel
      </a>
    </h3>
  </article>,
]
`;
