// Jest Snapshot v1, https://goo.gl/fbAQLP

exports[`Card renders correctly 1`] = `
<div>
  <button
    className="small-movie-card__play-btn"
    disabled={true}
    onClick={[Function]}
    type="button"
  >
    Play
  </button>
  <div
    className="small-movie-card__image"
  >
    <video
      alt="Fantastic Beasts: The Crimes of Grindelwald"
      height="175"
      muted={true}
      poster="img/fantastic-beasts-the-crimes-of-grindelwald.jpg"
      width="280"
    >
      <source
        src="https://download.blender.org/durian/trailer/sintel_trailer-480p.mp4"
        type="video/mp4"
      />
    </video>
  </div>
</div>
`;
